<!DOCTYPE html>
<html>
<head>
<meta charset="UTF-8">
<style>

                body { font-family: 'Segoe UI', Arial, sans-serif; margin: 40px; }
                h1 { color: #2d3748; }
            
</style>
</head>
<body>
<div><div><span><span>Cluster not found</span></span></div></div>
</body>
</html>