{
  "invalid_cluster": {
    "category": "cluster",
    "outcome": "not found or invalid",
    "status": [
      "error",
      null
    ],
    "children": []
  }
}